Microchip MPLAB XC8 Compiler V1.30 ()

Linker command line:

--edf=D:\Program Files\Microchip\xc8\v1.30\dat\en_msgs.txt -cs \
  -h+dist/default/production\LoopRobot.X.production.sym \
  --cmf=dist/default/production\LoopRobot.X.production.cmf -z -Q16F887 \
  -oC:\Users\User\AppData\Local\Temp\s4jk.6 \
  -Mdist/default/production/LoopRobot.X.production.map -E1 -ver=XC8 \
  -ASTACK=0110h-016fh -pstack=STACK -ACONST=00h-0FFhx32 -ACODE=00h-07FFhx4 \
  -ASTRCODE=00h-01FFFh -AENTRY=00h-0FFhx32 -ASTRING=00h-0FFhx32 \
  -ACOMMON=070h-07Fh -ABANK0=020h-06Fh -ABANK1=0A0h-0EFh \
  -ABANK2=0110h-016Fh -ABANK3=0190h-01EFh \
  -ARAM=020h-06Fh,0A0h-0EFh,0110h-016Fh,0190h-01EFh \
  -AABS1=020h-07Fh,0A0h-0EFh,0110h-016Fh,0190h-01EFh -ASFR0=00h-01Fh \
  -ASFR1=080h-09Fh -ASFR2=0100h-010Fh -ASFR3=0180h-018Fh \
  -preset_vec=00h,intentry,init,end_init -ppowerup=CODE -pcinit=CODE \
  -pfunctab=CODE -ACONFIG=02007h-02008h -pconfig=CONFIG -DCONFIG=2 \
  -AIDLOC=02000h-02003h -pidloc=IDLOC -DIDLOC=2 -AEEDATA=00h-0FFh/02100h \
  -peeprom_data=EEDATA -DEEDATA=2 -DCODE=2 -DSTRCODE=2 -DSTRING=2 -DCONST=2 \
  -DENTRY=2 -k C:\Users\User\AppData\Local\Temp\s4jk.obj \
  dist/default/production\LoopRobot.X.production.obj 

Object code version is 3.11

Machine type is 16F887



                Name                               Link     Load   Length Selector   Space Scale
C:\Users\User\AppData\Local\Temp\s4jk.obj
                end_init                              0        0        3        0       0
                config                             2007     2007        1     400E       0
dist/default/production\LoopRobot.X.production.obj
                cinit                               7FC      7FC        4      FF8       0
                text9                               47B      47B       41      8F6       0
                text8                               42B      42B       11      856       0
                text7                               66F      66F       8F      CDE       0
                text6                               4BC      4BC       5D      978       0
                text5                               458      458       23      8B0       0
                text4                               519      519       6B      A32       0
                text3                               584      584       6B      B08       0
                text2                               5EF      5EF       80      BDE       0
                text1                               43C      43C       1C      878       0
                maintext                            6FE      6FE       FE      DFC       0
                cstackBANK0                          20       20       13       20       1
                cstackCOMMON                         70       70        E       70       1

TOTAL           Name                               Link     Load   Length     Space
        CLASS   STACK          

        CLASS   CONST          

        CLASS   CODE           
                end_init                              0        0        3         0
                cinit                               7FC      7FC        4         0
                text9                               47B      47B       41         0
                text8                               42B      42B       11         0
                text7                               66F      66F       8F         0
                text6                               4BC      4BC       5D         0
                text5                               458      458       23         0
                text4                               519      519       6B         0
                text3                               584      584       6B         0
                text2                               5EF      5EF       80         0
                text1                               43C      43C       1C         0
                maintext                            6FE      6FE       FE         0

        CLASS   STRCODE        

        CLASS   ENTRY          

        CLASS   STRING         

        CLASS   COMMON         
                cstackCOMMON                         70       70        E         1

        CLASS   BANK0          
                cstackBANK0                          20       20       13         1

        CLASS   BANK1          

        CLASS   BANK2          

        CLASS   BANK3          

        CLASS   RAM            

        CLASS   ABS1           
                abs_s1                               7E       7E        2         1

        CLASS   SFR0           

        CLASS   SFR1           

        CLASS   SFR2           

        CLASS   SFR3           

        CLASS   CONFIG         
                config                             2007     2007        1         0

        CLASS   IDLOC          

        CLASS   EEDATA         



SEGMENTS        Name                           Load    Length   Top    Selector   Space  Class     Delta

                reset_vec                      000000  000003  000003         0       0  CODE        2
                cstackBANK0                    000020  000013  000033        20       1  BANK0       1
                cstackCOMMON                   000070  00000E  00007E        70       1  COMMON      1
                text8                          00042B  000011  00043C       856       0  CODE        2
                text1                          00043C  00001C  000458       878       0  CODE        2
                text5                          000458  000023  00047B       8B0       0  CODE        2
                text9                          00047B  000041  0004BC       8F6       0  CODE        2
                text6                          0004BC  00005D  000519       978       0  CODE        2
                text4                          000519  00006B  000584       A32       0  CODE        2
                text3                          000584  00006B  0005EF       B08       0  CODE        2
                text2                          0005EF  000080  00066F       BDE       0  CODE        2
                text7                          00066F  00008F  0006FE       CDE       0  CODE        2
                maintext                       0006FE  0000FE  0007FC       DFC       0  CODE        2
                cinit                          0007FC  000004  000800       FF8       0  CODE        2
                config                         002007  000001  002008      400E       0  CONFIG      2


UNUSED ADDRESS RANGES

        Name                Unused          Largest block    Delta
        BANK0            0033-006F             3D           1
        BANK1            00A0-00EF             50           1
        BANK2            0110-016F             60           1
        BANK3            0190-01EF             60           1
        CODE             0003-042A            428           2
                         0800-1FFF            800
        CONFIG           2008-2008              1           2
        CONST            0003-042A            100           2
                         0800-1FFF            100
        EEDATA           2100-21FF            100           2
        ENTRY            0003-042A            100           2
                         0800-1FFF            100
        IDLOC            2000-2003              4           2
        RAM              0033-006F             3D           1
                         00A0-00EF             50
                         0110-016F             60
                         0190-01EF             60
        SFR0             0000-001F             20           1
        SFR1             0080-009F             20           1
        SFR2             0100-010F             10           1
        SFR3             0180-018F             10           1
        STACK            0110-016F             60           1
        STRCODE          0003-042A            428           2
                         0800-1FFF           1800
        STRING           0003-042A            100           2
                         0800-1FFF            100

                                  Symbol Table

?___aldiv                 cstackCOMMON 0070
?___awdiv                 cstackCOMMON 0076
?___wmul                  cstackCOMMON 0070
_ANSEL                    (abs)        0188
_ANSELH                   (abs)        0189
_BRGH                     (abs)        04C2
_CCP1CON                  (abs)        0017
_CCP2CON                  (abs)        001D
_CCPR1L                   (abs)        0015
_CCPR2L                   (abs)        001B
_CREN                     (abs)        00C4
_IRCF0                    (abs)        047C
_IRCF1                    (abs)        047D
_IRCF2                    (abs)        047E
_OERR                     (abs)        00C1
_PORTA                    (abs)        0005
_PORTB                    (abs)        0006
_PORTC                    (abs)        0007
_PORTD                    (abs)        0008
_PORTE                    (abs)        0009
_PR2                      (abs)        0092
_RA3                      (abs)        002B
_RA4                      (abs)        002C
_RA5                      (abs)        002D
_RB0                      (abs)        0030
_RB2                      (abs)        0032
_RB3                      (abs)        0033
_RB4                      (abs)        0034
_RB5                      (abs)        0035
_RB7                      (abs)        0037
_RCIF                     (abs)        0065
_RCREG                    (abs)        001A
_RE0                      (abs)        0048
_RE1                      (abs)        0049
_RX9                      (abs)        00C6
_SPBRG                    (abs)        0099
_SPEN                     (abs)        00C7
_T2CON                    (abs)        0012
_TRISA                    (abs)        0085
_TRISB                    (abs)        0086
_TRISC                    (abs)        0087
_TRISD                    (abs)        0088
_TRISE                    (abs)        0089
_TX9                      (abs)        04C6
_TXEN                     (abs)        04C5
_TXIF                     (abs)        0064
_TXREG                    (abs)        0019
__CFG_BOREN$OFF           (abs)        0000
__CFG_CP$OFF              (abs)        0000
__CFG_CPD$OFF             (abs)        0000
__CFG_FCMEN$OFF           (abs)        0000
__CFG_FOSC$INTRC_NOCLKOUT (abs)        0000
__CFG_IESO$OFF            (abs)        0000
__CFG_LVP$OFF             (abs)        0000
__CFG_MCLRE$ON            (abs)        0000
__CFG_PWRTE$ON            (abs)        0000
__CFG_WDTE$OFF            (abs)        0000
__Habs1                   abs1         0000
__Hbank0                  bank0        0000
__Hbank1                  bank1        0000
__Hbank2                  bank2        0000
__Hbank3                  bank3        0000
__Hcinit                  cinit        0800
__Hclrtext                clrtext      0000
__Hcode                   code         0000
__Hcommon                 common       0000
__Hconfig                 config       2008
__HcstackBANK0            cstackBANK0  0000
__HcstackCOMMON           cstackCOMMON 0000
__Heeprom_data            eeprom_data  0000
__Hend_init               end_init     0003
__Hfunctab                functab      0000
__Hidloc                  idloc        0000
__Hinit                   init         0000
__Hintentry               intentry     0000
__Hmaintext               maintext     0000
__Hpowerup                powerup      0000
__Hram                    ram          0000
__Hreset_vec              reset_vec    0000
__Hsfr0                   sfr0         0000
__Hsfr1                   sfr1         0000
__Hsfr2                   sfr2         0000
__Hsfr3                   sfr3         0000
__Hstack                  stack        0000
__Hstrings                strings      0000
__Htext                   text         0000
__Labs1                   abs1         0000
__Lbank0                  bank0        0000
__Lbank1                  bank1        0000
__Lbank2                  bank2        0000
__Lbank3                  bank3        0000
__Lcinit                  cinit        07FC
__Lclrtext                clrtext      0000
__Lcode                   code         0000
__Lcommon                 common       0000
__Lconfig                 config       2007
__LcstackBANK0            cstackBANK0  0000
__LcstackCOMMON           cstackCOMMON 0000
__Leeprom_data            eeprom_data  0000
__Lend_init               end_init     0000
__Lfunctab                functab      0000
__Lidloc                  idloc        0000
__Linit                   init         0000
__Lintentry               intentry     0000
__Lmaintext               maintext     0000
__Lpowerup                powerup      0000
__Lram                    ram          0000
__Lreset_vec              reset_vec    0000
__Lsfr0                   sfr0         0000
__Lsfr1                   sfr1         0000
__Lsfr2                   sfr2         0000
__Lsfr3                   sfr3         0000
__Lstack                  stack        0000
__Lstrings                strings      0000
__Ltext                   text         0000
__S0                      (abs)        2008
__S1                      (abs)        007E
__S2                      (abs)        0000
__S3                      (abs)        0000
___aldiv                  text7        066F
___aldiv@counter          cstackBANK0  0020
___aldiv@dividend         cstackCOMMON 0074
___aldiv@divisor          cstackCOMMON 0070
___aldiv@quotient         cstackBANK0  0022
___aldiv@sign             cstackBANK0  0021
___awdiv                  text6        04BC
___awdiv@counter          cstackBANK0  0020
___awdiv@dividend         cstackCOMMON 0078
___awdiv@divisor          cstackCOMMON 0076
___awdiv@quotient         cstackBANK0  0022
___awdiv@sign             cstackBANK0  0021
___bmul                   text8        042B
___bmul@multiplicand      cstackCOMMON 0070
___bmul@multiplier        cstackCOMMON 0073
___bmul@product           cstackCOMMON 0072
___int_sp                 stack        0000
___latbits                (abs)        0002
___sp                     stack        0000
___wmul                   text5        0458
___wmul@multiplicand      cstackCOMMON 0072
___wmul@multiplier        cstackCOMMON 0070
___wmul@product           cstackCOMMON 0074
__end_of___aldiv          text7        06FE
__end_of___awdiv          text6        0519
__end_of___bmul           text8        043C
__end_of___wmul           text5        047B
__end_of__initialization  cinit        07FC
__end_of_beep             text9        04BC
__end_of_main             maintext     07FC
__end_of_motor            text2        066F
__end_of_picInit          text1        0458
__end_of_setPwmRC1        text4        0584
__end_of_setPwmRC2        text3        05EF
__initialization          cinit        07FC
__pcstackBANK0            cstackBANK0  0020
__pcstackCOMMON           cstackCOMMON 0070
__pmaintext               maintext     06FE
__ptext0                  text0        0000
__ptext1                  text1        043C
__ptext2                  text2        05EF
__ptext3                  text3        0584
__ptext4                  text4        0519
__ptext5                  text5        0458
__ptext6                  text6        04BC
__ptext7                  text7        066F
__ptext8                  text8        042B
__ptext9                  text9        047B
__size_of___aldiv         (abs)        0000
__size_of___awdiv         (abs)        0000
__size_of___bmul          (abs)        0000
__size_of___wmul          (abs)        0000
__size_of_beep            (abs)        0000
__size_of_main            (abs)        0000
__size_of_motor           (abs)        0000
__size_of_picInit         (abs)        0000
__size_of_setPwmRC1       (abs)        0000
__size_of_setPwmRC2       (abs)        0000
_beep                     text9        047B
_main                     maintext     06FE
_motor                    text2        05EF
_picInit                  text1        043C
_setPwmRC1                text4        0519
_setPwmRC2                text3        0584
beep@delayMs              cstackCOMMON 0070
beep@loop                 cstackCOMMON 0075
beep@times                cstackCOMMON 0074
btemp                     (abs)        007E
end_of_initialization     cinit        07FC
intlevel0                 functab      0000
intlevel1                 functab      0000
intlevel2                 functab      0000
intlevel3                 functab      0000
intlevel4                 functab      0000
intlevel5                 functab      0000
ltemp                     (abs)        007E
ltemp0                    (abs)        007E
ltemp1                    (abs)        0082
ltemp2                    (abs)        0086
ltemp3                    (abs)        0080
motor@maxSpeed            cstackBANK0  002D
motor@speed               cstackBANK0  002F
motor@speedLM             cstackBANK0  002E
motor@speedRM             cstackBANK0  002A
reset_vec                 reset_vec    0000
setPwmRC1@a               cstackCOMMON 007C
setPwmRC1@duty            cstackBANK0  0028
setPwmRC1@freq            cstackBANK0  0026
setPwmRC2@a               cstackCOMMON 007C
setPwmRC2@duty            cstackBANK0  0028
setPwmRC2@freq            cstackBANK0  0026
stackhi                   (abs)        0000
stacklo                   (abs)        0000
start                     init         0000
start_initialization      cinit        07FC
ttemp                     (abs)        007E
ttemp0                    (abs)        007E
ttemp1                    (abs)        0081
ttemp2                    (abs)        0084
ttemp3                    (abs)        0087
ttemp4                    (abs)        007F
wtemp                     (abs)        007E
wtemp0                    (abs)        007E
wtemp1                    (abs)        0080
wtemp2                    (abs)        0082
wtemp3                    (abs)        0084
wtemp4                    (abs)        0086
wtemp5                    (abs)        0088
wtemp6                    (abs)        007F


FUNCTION INFORMATION:

 *************** function _main *****************
 Defined at:
		line 37 in file "main.c"
 Parameters:    Size  Location     Type
		None
 Auto vars:     Size  Location     Type
		None
 Return value:  Size  Location     Type
		None               void
 Registers used:
		wreg, status,2, status,0, pclath, cstack
 Tracked objects:
		On entry : 
		On exit  : 
		Unchanged: 
 Data sizes:     COMMON   BANK0   BANK1   BANK3   BANK2
      Params:         0       0       0       0       0
      Locals:         0       0       0       0       0
      Temps:          0       3       0       0       0
      Totals:         0       3       0       0       0
Total ram usage:        3 bytes
 Hardware stack levels required when called:    3
 This function calls:
		_beep
		_motor
		_picInit
 This function is called by:
		Startup code after reset
 This function uses a non-reentrant model


 *************** function _picInit *****************
 Defined at:
		line 74 in file "main.c"
 Parameters:    Size  Location     Type
		None
 Auto vars:     Size  Location     Type
		None
 Return value:  Size  Location     Type
		None               void
 Registers used:
		wreg, status,2
 Tracked objects:
		On entry : 
		On exit  : 
		Unchanged: 
 Data sizes:     COMMON   BANK0   BANK1   BANK3   BANK2
      Params:         0       0       0       0       0
      Locals:         0       0       0       0       0
      Temps:          0       0       0       0       0
      Totals:         0       0       0       0       0
Total ram usage:        0 bytes
 Hardware stack levels used:    1
 This function calls:
		Nothing
 This function is called by:
		_main
 This function uses a non-reentrant model


 *************** function _motor *****************
 Defined at:
		line 117 in file "main.c"
 Parameters:    Size  Location     Type
  speedLM         1    wreg     char 
  speedRM         1   10[BANK0 ] char 
 Auto vars:     Size  Location     Type
  speedLM         1   14[BANK0 ] char 
  speed           1   15[BANK0 ] unsigned char 
  maxSpeed        1   13[BANK0 ] unsigned char 
 Return value:  Size  Location     Type
		None               void
 Registers used:
		wreg, status,2, status,0, pclath, cstack
 Tracked objects:
		On entry : 
		On exit  : 
		Unchanged: 
 Data sizes:     COMMON   BANK0   BANK1   BANK3   BANK2
      Params:         0       1       0       0       0
      Locals:         0       3       0       0       0
      Temps:          0       2       0       0       0
      Totals:         0       6       0       0       0
Total ram usage:        6 bytes
 Hardware stack levels used:    1
 Hardware stack levels required when called:    2
 This function calls:
		___bmul
		_setPwmRC1
		_setPwmRC2
 This function is called by:
		_main
 This function uses a non-reentrant model


 *************** function _setPwmRC2 *****************
 Defined at:
		line 20 in file "pwm.h"
 Parameters:    Size  Location     Type
  freq            2    6[BANK0 ] int 
  duty            2    8[BANK0 ] int 
 Auto vars:     Size  Location     Type
  a               2   12[COMMON] int 
 Return value:  Size  Location     Type
		None               void
 Registers used:
		wreg, status,2, status,0, pclath, cstack
 Tracked objects:
		On entry : 
		On exit  : 
		Unchanged: 
 Data sizes:     COMMON   BANK0   BANK1   BANK3   BANK2
      Params:         0       4       0       0       0
      Locals:         2       0       0       0       0
      Temps:          1       0       0       0       0
      Totals:         3       4       0       0       0
Total ram usage:        7 bytes
 Hardware stack levels used:    1
 Hardware stack levels required when called:    1
 This function calls:
		___aldiv
		___awdiv
		___wmul
 This function is called by:
		_motor
 This function uses a non-reentrant model


 *************** function _setPwmRC1 *****************
 Defined at:
		line 9 in file "pwm.h"
 Parameters:    Size  Location     Type
  freq            2    6[BANK0 ] int 
  duty            2    8[BANK0 ] int 
 Auto vars:     Size  Location     Type
  a               2   12[COMMON] int 
 Return value:  Size  Location     Type
		None               void
 Registers used:
		wreg, status,2, status,0, pclath, cstack
 Tracked objects:
		On entry : 
		On exit  : 
		Unchanged: 
 Data sizes:     COMMON   BANK0   BANK1   BANK3   BANK2
      Params:         0       4       0       0       0
      Locals:         2       0       0       0       0
      Temps:          1       0       0       0       0
      Totals:         3       4       0       0       0
Total ram usage:        7 bytes
 Hardware stack levels used:    1
 Hardware stack levels required when called:    1
 This function calls:
		___aldiv
		___awdiv
		___wmul
 This function is called by:
		_motor
 This function uses a non-reentrant model


 *************** function ___wmul *****************
 Defined at:
		line 4 in file "D:\Program Files\Microchip\xc8\v1.30\sources\common\wmul.c"
 Parameters:    Size  Location     Type
  multiplier      2    0[COMMON] unsigned int 
  multiplicand    2    2[COMMON] unsigned int 
 Auto vars:     Size  Location     Type
  product         2    4[COMMON] unsigned int 
 Return value:  Size  Location     Type
                  2    0[COMMON] unsigned int 
 Registers used:
		wreg, status,2, status,0
 Tracked objects:
		On entry : 
		On exit  : 
		Unchanged: 
 Data sizes:     COMMON   BANK0   BANK1   BANK3   BANK2
      Params:         4       0       0       0       0
      Locals:         2       0       0       0       0
      Temps:          0       0       0       0       0
      Totals:         6       0       0       0       0
Total ram usage:        6 bytes
 Hardware stack levels used:    1
 This function calls:
		Nothing
 This function is called by:
		_setPwmRC1
		_setPwmRC2
 This function uses a non-reentrant model


 *************** function ___awdiv *****************
 Defined at:
		line 6 in file "D:\Program Files\Microchip\xc8\v1.30\sources\common\awdiv.c"
 Parameters:    Size  Location     Type
  divisor         2    6[COMMON] int 
  dividend        2    8[COMMON] int 
 Auto vars:     Size  Location     Type
  quotient        2    2[BANK0 ] int 
  sign            1    1[BANK0 ] unsigned char 
  counter         1    0[BANK0 ] unsigned char 
 Return value:  Size  Location     Type
                  2    6[COMMON] int 
 Registers used:
		wreg, status,2, status,0
 Tracked objects:
		On entry : 
		On exit  : 
		Unchanged: 
 Data sizes:     COMMON   BANK0   BANK1   BANK3   BANK2
      Params:         4       0       0       0       0
      Locals:         0       4       0       0       0
      Temps:          1       0       0       0       0
      Totals:         5       4       0       0       0
Total ram usage:        9 bytes
 Hardware stack levels used:    1
 This function calls:
		Nothing
 This function is called by:
		_setPwmRC1
		_setPwmRC2
 This function uses a non-reentrant model


 *************** function ___aldiv *****************
 Defined at:
		line 6 in file "D:\Program Files\Microchip\xc8\v1.30\sources\common\aldiv.c"
 Parameters:    Size  Location     Type
  divisor         4    0[COMMON] long 
  dividend        4    4[COMMON] long 
 Auto vars:     Size  Location     Type
  quotient        4    2[BANK0 ] long 
  sign            1    1[BANK0 ] unsigned char 
  counter         1    0[BANK0 ] unsigned char 
 Return value:  Size  Location     Type
                  4    0[COMMON] long 
 Registers used:
		wreg, status,2, status,0
 Tracked objects:
		On entry : 
		On exit  : 
		Unchanged: 
 Data sizes:     COMMON   BANK0   BANK1   BANK3   BANK2
      Params:         8       0       0       0       0
      Locals:         0       6       0       0       0
      Temps:          1       0       0       0       0
      Totals:         9       6       0       0       0
Total ram usage:       15 bytes
 Hardware stack levels used:    1
 This function calls:
		Nothing
 This function is called by:
		_setPwmRC1
		_setPwmRC2
 This function uses a non-reentrant model


 *************** function ___bmul *****************
 Defined at:
		line 2 in file "D:\Program Files\Microchip\xc8\v1.30\sources\common\bmul.c"
 Parameters:    Size  Location     Type
  multiplier      1    wreg     unsigned char 
  multiplicand    1    0[COMMON] unsigned char 
 Auto vars:     Size  Location     Type
  multiplier      1    3[COMMON] unsigned char 
  product         1    2[COMMON] unsigned char 
 Return value:  Size  Location     Type
                  1    wreg      unsigned char 
 Registers used:
		wreg, status,2, status,0
 Tracked objects:
		On entry : 
		On exit  : 
		Unchanged: 
 Data sizes:     COMMON   BANK0   BANK1   BANK3   BANK2
      Params:         1       0       0       0       0
      Locals:         2       0       0       0       0
      Temps:          1       0       0       0       0
      Totals:         4       0       0       0       0
Total ram usage:        4 bytes
 Hardware stack levels used:    1
 This function calls:
		Nothing
 This function is called by:
		_motor
 This function uses a non-reentrant model


 *************** function _beep *****************
 Defined at:
		line 96 in file "main.c"
 Parameters:    Size  Location     Type
  times           1    wreg     unsigned char 
  delayMs         2    0[COMMON] unsigned int 
 Auto vars:     Size  Location     Type
  times           1    4[COMMON] unsigned char 
  loop            2    5[COMMON] unsigned int 
 Return value:  Size  Location     Type
		None               void
 Registers used:
		wreg, status,2, status,0
 Tracked objects:
		On entry : 
		On exit  : 
		Unchanged: 
 Data sizes:     COMMON   BANK0   BANK1   BANK3   BANK2
      Params:         2       0       0       0       0
      Locals:         3       0       0       0       0
      Temps:          2       0       0       0       0
      Totals:         7       0       0       0       0
Total ram usage:        7 bytes
 Hardware stack levels used:    1
 This function calls:
		Nothing
 This function is called by:
		_main
 This function uses a non-reentrant model



MODULE INFORMATION

Module		Function		Class		Link	Load	Size
pwm.h
		_setPwmRC1     		CODE           	0519	0000	107
		_setPwmRC2     		CODE           	0584	0000	107

pwm.h estimated size: 214

D:\Program Files\Microchip\xc8\v1.30\sources\common\wmul.c
		___wmul        		CODE           	0458	0000	35

D:\Program Files\Microchip\xc8\v1.30\sources\common\wmul.c estimated size: 35

shared
		__initializatio		CODE           	07FC	0000	0

shared estimated size: 0

D:\Program Files\Microchip\xc8\v1.30\sources\common\aldiv.c
		___aldiv       		CODE           	066F	0000	143

D:\Program Files\Microchip\xc8\v1.30\sources\common\aldiv.c estimated size: 143

main.c
		_beep          		CODE           	047B	0000	65
		_main          		CODE           	06FE	0000	254
		_motor         		CODE           	05EF	0000	128
		_picInit       		CODE           	043C	0000	28

main.c estimated size: 475

D:\Program Files\Microchip\xc8\v1.30\sources\common\bmul.c
		___bmul        		CODE           	042B	0000	17

D:\Program Files\Microchip\xc8\v1.30\sources\common\bmul.c estimated size: 17

D:\Program Files\Microchip\xc8\v1.30\sources\common\awdiv.c
		___awdiv       		CODE           	04BC	0000	93

D:\Program Files\Microchip\xc8\v1.30\sources\common\awdiv.c estimated size: 93

