Microchip MPLAB XC8 Compiler V1.31 ()

Linker command line:

--edf=D:\Program Files\Microchip\xc8\v1.31\dat\en_msgs.txt -cs \
  -h+dist/default/production\MazeSolvingRobot.X.production.sym \
  --cmf=dist/default/production\MazeSolvingRobot.X.production.cmf -z \
  -Q16F887 -oC:\Users\User\AppData\Local\Temp\s49s.6 \
  -Mdist/default/production/MazeSolvingRobot.X.production.map -E1 -ver=XC8 \
  -ASTACK=0110h-016fh -pstack=STACK -ACONST=00h-0FFhx32 -ACODE=00h-07FFhx4 \
  -ASTRCODE=00h-01FFFh -AENTRY=00h-0FFhx32 -ASTRING=00h-0FFhx32 \
  -ACOMMON=070h-07Fh -ABANK0=020h-06Fh -ABANK1=0A0h-0EFh \
  -ABANK2=0110h-016Fh -ABANK3=0190h-01EFh \
  -ARAM=020h-06Fh,0A0h-0EFh,0110h-016Fh,0190h-01EFh \
  -AABS1=020h-07Fh,0A0h-0EFh,0110h-016Fh,0190h-01EFh -ASFR0=00h-01Fh \
  -ASFR1=080h-09Fh -ASFR2=0100h-010Fh -ASFR3=0180h-018Fh \
  -preset_vec=00h,intentry,init,end_init -ppowerup=CODE -pcinit=CODE \
  -pfunctab=CODE -ACONFIG=02007h-02008h -pconfig=CONFIG -DCONFIG=2 \
  -AIDLOC=02000h-02003h -pidloc=IDLOC -DIDLOC=2 -AEEDATA=00h-0FFh/02100h \
  -peeprom_data=EEDATA -DEEDATA=2 -DCODE=2 -DSTRCODE=2 -DSTRING=2 -DCONST=2 \
  -DENTRY=2 -k C:\Users\User\AppData\Local\Temp\s49s.obj \
  dist/default/production\MazeSolvingRobot.X.production.obj 

Object code version is 3.11

Machine type is 16F887



                Name                               Link     Load   Length Selector   Space Scale
C:\Users\User\AppData\Local\Temp\s49s.obj
                end_init                              0        0        3        0       0
                config                             2007     2007        1     400E       0
dist/default/production\MazeSolvingRobot.X.production.obj
                cinit                               7FC      7FC        4      FF8       0
                text17                                8        8       41       10       0
                text16                              CFA      CFA       1A     19F4       0
                text15                              DB5      DB5       39     1B6A       0
                text14                              EC9      EC9       61     1D92       0
                text13                              DEE      DEE       3E     1BDC       0
                text12                              D81      D81       34     1B02       0
                text11                               C9       C9       83      192       0
                text10                              D53      D53       2E     1AA6       0
                text9                               E2C      E2C       40     1C58       0
                text8                               CE9      CE9       11     19D2       0
                text7                               14C      14C       8F      298       0
                text6                               E6C      E6C       5D     1CD8       0
                text5                               D30      D30       23     1A60       0
                text4                               F2A      F2A       6B     1E54       0
                text3                               F95      F95       6B     1F2A       0
                text2                                49       49       80       92       0
                text1                               D14      D14       1C     1A28       0
                maintext                            1DB      1DB      621      3B6       0
                cstackBANK0                          20       20       35       20       1
                cstackCOMMON                         70       70        E       70       1
                strings                             800      800       5D     1000       0

TOTAL           Name                               Link     Load   Length     Space
        CLASS   STACK          

        CLASS   CONST          

        CLASS   CODE           
                end_init                              0        0        3         0
                cinit                               7FC      7FC        4         0
                text17                                8        8       41         0
                text16                              CFA      CFA       1A         0
                text15                              DB5      DB5       39         0
                text14                              EC9      EC9       61         0
                text13                              DEE      DEE       3E         0
                text12                              D81      D81       34         0
                text11                               C9       C9       83         0
                text10                              D53      D53       2E         0
                text9                               E2C      E2C       40         0
                text8                               CE9      CE9       11         0
                text7                               14C      14C       8F         0
                text6                               E6C      E6C       5D         0
                text5                               D30      D30       23         0
                text4                               F2A      F2A       6B         0
                text3                               F95      F95       6B         0
                text2                                49       49       80         0
                text1                               D14      D14       1C         0
                maintext                            1DB      1DB      621         0

        CLASS   STRCODE        

        CLASS   ENTRY          

        CLASS   STRING         
                strings                             800      800       5D         0

        CLASS   COMMON         
                cstackCOMMON                         70       70        E         1

        CLASS   BANK0          
                cstackBANK0                          20       20       35         1

        CLASS   BANK1          

        CLASS   BANK2          

        CLASS   BANK3          

        CLASS   RAM            

        CLASS   ABS1           
                abs_s1                               7E       7E        2         1

        CLASS   SFR0           

        CLASS   SFR1           

        CLASS   SFR2           

        CLASS   SFR3           

        CLASS   CONFIG         
                config                             2007     2007        1         0

        CLASS   IDLOC          

        CLASS   EEDATA         



SEGMENTS        Name                           Load    Length   Top    Selector   Space  Class     Delta

                reset_vec                      000000  000003  000003         0       0  CODE        2
                text17                         000008  000041  000049        10       0  CODE        2
                cstackBANK0                    000020  000035  000055        20       1  BANK0       1
                cstackCOMMON                   000070  00000E  00007E        70       1  COMMON      1
                text2                          000049  000080  0000C9        92       0  CODE        2
                text11                         0000C9  000083  00014C       192       0  CODE        2
                text7                          00014C  00008F  0001DB       298       0  CODE        2
                maintext                       0001DB  000621  0007FC       3B6       0  CODE        2
                cinit                          0007FC  000004  000800       FF8       0  CODE        2
                strings                        000800  00005D  00085D      1000       0  STRING      2
                text8                          000CE9  000011  000CFA      19D2       0  CODE        2
                text16                         000CFA  00001A  000D14      19F4       0  CODE        2
                text1                          000D14  00001C  000D30      1A28       0  CODE        2
                text5                          000D30  000023  000D53      1A60       0  CODE        2
                text10                         000D53  00002E  000D81      1AA6       0  CODE        2
                text12                         000D81  000034  000DB5      1B02       0  CODE        2
                text15                         000DB5  000039  000DEE      1B6A       0  CODE        2
                text13                         000DEE  00003E  000E2C      1BDC       0  CODE        2
                text9                          000E2C  000040  000E6C      1C58       0  CODE        2
                text6                          000E6C  00005D  000EC9      1CD8       0  CODE        2
                text14                         000EC9  000061  000F2A      1D92       0  CODE        2
                text4                          000F2A  00006B  000F95      1E54       0  CODE        2
                text3                          000F95  00006B  001000      1F2A       0  CODE        2
                config                         002007  000001  002008      400E       0  CONFIG      2


UNUSED ADDRESS RANGES

        Name                Unused          Largest block    Delta
        BANK0            0055-006F             1B           1
        BANK1            00A0-00EF             50           1
        BANK2            0110-016F             60           1
        BANK3            0190-01EF             60           1
        CODE             0003-0007              5           2
                         085D-0CE8            48C
                         1000-1FFF            800
        CONFIG           2008-2008              1           2
        CONST            0003-0007              5           2
                         085D-0CE8            100
                         1000-1FFF            100
        EEDATA           2100-21FF            100           2
        ENTRY            0003-0007              5           2
                         085D-0CE8            100
                         1000-1FFF            100
        IDLOC            2000-2003              4           2
        RAM              0055-006F             1B           1
                         00A0-00EF             50
                         0110-016F             60
                         0190-01EF             60
        SFR0             0000-001F             20           1
        SFR1             0080-009F             20           1
        SFR2             0100-010F             10           1
        SFR3             0180-018F             10           1
        STACK            0110-016F             60           1
        STRCODE          0003-0007              5           2
                         085D-0CE8            48C
                         1000-1FFF           1000
        STRING           0003-0007              5           2
                         085D-0CE8            100
                         1000-1FFF            100

                                  Symbol Table

?___aldiv                 cstackCOMMON 0070
?___awdiv                 cstackCOMMON 0076
?___lwdiv                 cstackCOMMON 0070
?___lwmod                 cstackCOMMON 0070
?___wmul                  cstackCOMMON 0070
?_memcmp                  cstackCOMMON 0070
_ANSEL                    (abs)        0188
_ANSELH                   (abs)        0189
_BRGH                     (abs)        04C2
_CCP1CON                  (abs)        0017
_CCP2CON                  (abs)        001D
_CCPR1L                   (abs)        0015
_CCPR2L                   (abs)        001B
_CREN                     (abs)        00C4
_IRCF0                    (abs)        047C
_IRCF1                    (abs)        047D
_IRCF2                    (abs)        047E
_OERR                     (abs)        00C1
_PORTA                    (abs)        0005
_PORTB                    (abs)        0006
_PORTC                    (abs)        0007
_PORTD                    (abs)        0008
_PORTE                    (abs)        0009
_PR2                      (abs)        0092
_RA3                      (abs)        002B
_RA4                      (abs)        002C
_RA5                      (abs)        002D
_RB0                      (abs)        0030
_RB1                      (abs)        0031
_RB2                      (abs)        0032
_RB3                      (abs)        0033
_RB4                      (abs)        0034
_RB5                      (abs)        0035
_RB6                      (abs)        0036
_RB7                      (abs)        0037
_RCIF                     (abs)        0065
_RCREG                    (abs)        001A
_RE0                      (abs)        0048
_RE1                      (abs)        0049
_RE2                      (abs)        004A
_RX9                      (abs)        00C6
_SPBRG                    (abs)        0099
_SPEN                     (abs)        00C7
_T2CON                    (abs)        0012
_TRISA                    (abs)        0085
_TRISB                    (abs)        0086
_TRISC                    (abs)        0087
_TRISD                    (abs)        0088
_TRISE                    (abs)        0089
_TX9                      (abs)        04C6
_TXEN                     (abs)        04C5
_TXIF                     (abs)        0064
_TXREG                    (abs)        0019
__CFG_BOREN$OFF           (abs)        0000
__CFG_CP$OFF              (abs)        0000
__CFG_CPD$OFF             (abs)        0000
__CFG_FCMEN$OFF           (abs)        0000
__CFG_FOSC$INTRC_NOCLKOUT (abs)        0000
__CFG_IESO$OFF            (abs)        0000
__CFG_LVP$OFF             (abs)        0000
__CFG_MCLRE$ON            (abs)        0000
__CFG_PWRTE$ON            (abs)        0000
__CFG_WDTE$OFF            (abs)        0000
__Habs1                   abs1         0000
__Hbank0                  bank0        0000
__Hbank1                  bank1        0000
__Hbank2                  bank2        0000
__Hbank3                  bank3        0000
__Hcinit                  cinit        0800
__Hclrtext                clrtext      0000
__Hcode                   code         0000
__Hcommon                 common       0000
__Hconfig                 config       2008
__HcstackBANK0            cstackBANK0  0000
__HcstackCOMMON           cstackCOMMON 0000
__Heeprom_data            eeprom_data  0000
__Hend_init               end_init     0003
__Hfunctab                functab      0000
__Hidloc                  idloc        0000
__Hinit                   init         0000
__Hintentry               intentry     0000
__Hmaintext               maintext     0000
__Hpowerup                powerup      0000
__Hram                    ram          0000
__Hreset_vec              reset_vec    0000
__Hsfr0                   sfr0         0000
__Hsfr1                   sfr1         0000
__Hsfr2                   sfr2         0000
__Hsfr3                   sfr3         0000
__Hstack                  stack        0000
__Hstrings                strings      0000
__Htext                   text         0000
__Labs1                   abs1         0000
__Lbank0                  bank0        0000
__Lbank1                  bank1        0000
__Lbank2                  bank2        0000
__Lbank3                  bank3        0000
__Lcinit                  cinit        07FC
__Lclrtext                clrtext      0000
__Lcode                   code         0000
__Lcommon                 common       0000
__Lconfig                 config       2007
__LcstackBANK0            cstackBANK0  0000
__LcstackCOMMON           cstackCOMMON 0000
__Leeprom_data            eeprom_data  0000
__Lend_init               end_init     0000
__Lfunctab                functab      0000
__Lidloc                  idloc        0000
__Linit                   init         0000
__Lintentry               intentry     0000
__Lmaintext               maintext     0000
__Lpowerup                powerup      0000
__Lram                    ram          0000
__Lreset_vec              reset_vec    0000
__Lsfr0                   sfr0         0000
__Lsfr1                   sfr1         0000
__Lsfr2                   sfr2         0000
__Lsfr3                   sfr3         0000
__Lstack                  stack        0000
__Lstrings                strings      0000
__Ltext                   text         0000
__S0                      (abs)        2008
__S1                      (abs)        007E
__S2                      (abs)        0000
__S3                      (abs)        0000
___aldiv                  text7        014C
___aldiv@counter          cstackBANK0  0020
___aldiv@dividend         cstackCOMMON 0074
___aldiv@divisor          cstackCOMMON 0070
___aldiv@quotient         cstackBANK0  0022
___aldiv@sign             cstackBANK0  0021
___awdiv                  text6        0E6C
___awdiv@counter          cstackBANK0  0020
___awdiv@dividend         cstackCOMMON 0078
___awdiv@divisor          cstackCOMMON 0076
___awdiv@quotient         cstackBANK0  0022
___awdiv@sign             cstackBANK0  0021
___bmul                   text8        0CE9
___bmul@multiplicand      cstackCOMMON 0070
___bmul@multiplier        cstackCOMMON 0073
___bmul@product           cstackCOMMON 0072
___int_sp                 stack        0000
___latbits                (abs)        0002
___lwdiv                  text13       0DEE
___lwdiv@counter          cstackCOMMON 0077
___lwdiv@dividend         cstackCOMMON 0072
___lwdiv@divisor          cstackCOMMON 0070
___lwdiv@quotient         cstackCOMMON 0075
___lwmod                  text12       0D81
___lwmod@counter          cstackCOMMON 0075
___lwmod@dividend         cstackCOMMON 0072
___lwmod@divisor          cstackCOMMON 0070
___sp                     stack        0000
___wmul                   text5        0D30
___wmul@multiplicand      cstackCOMMON 0072
___wmul@multiplier        cstackCOMMON 0070
___wmul@product           cstackCOMMON 0074
__end_of___aldiv          text7        01DB
__end_of___awdiv          text6        0EC9
__end_of___bmul           text8        0CFA
__end_of___lwdiv          text13       0E2C
__end_of___lwmod          text12       0DB5
__end_of___wmul           text5        0D53
__end_of__initialization  cinit        07FC
__end_of__stringdata      strings      085D
__end_of__stringtab       strings      0806
__end_of_beep             text17       0049
__end_of_lcdGoto          text15       0DEE
__end_of_lcdInit          text14       0F2A
__end_of_lcdNumber        text11       014C
__end_of_lcdPutstr        text10       0D81
__end_of_lcdWrite         text16       0D14
__end_of_main             maintext     07FC
__end_of_memcmp           text9        0E6C
__end_of_motor            text2        00C9
__end_of_picInit          text1        0D30
__end_of_setPwmRC1        text4        0F95
__end_of_setPwmRC2        text3        1000
__initialization          cinit        07FC
__pcstackBANK0            cstackBANK0  0020
__pcstackCOMMON           cstackCOMMON 0070
__pmaintext               maintext     01DB
__pstrings                strings      0800
__ptext1                  text1        0D14
__ptext10                 text10       0D53
__ptext11                 text11       00C9
__ptext12                 text12       0D81
__ptext13                 text13       0DEE
__ptext14                 text14       0EC9
__ptext15                 text15       0DB5
__ptext16                 text16       0CFA
__ptext17                 text17       0008
__ptext2                  text2        0049
__ptext3                  text3        0F95
__ptext4                  text4        0F2A
__ptext5                  text5        0D30
__ptext6                  text6        0E6C
__ptext7                  text7        014C
__ptext8                  text8        0CE9
__ptext9                  text9        0E2C
__size_of___aldiv         (abs)        0000
__size_of___awdiv         (abs)        0000
__size_of___bmul          (abs)        0000
__size_of___lwdiv         (abs)        0000
__size_of___lwmod         (abs)        0000
__size_of___wmul          (abs)        0000
__size_of_beep            (abs)        0000
__size_of_lcdGoto         (abs)        0000
__size_of_lcdInit         (abs)        0000
__size_of_lcdNumber       (abs)        0000
__size_of_lcdPutstr       (abs)        0000
__size_of_lcdWrite        (abs)        0000
__size_of_main            (abs)        0000
__size_of_memcmp          (abs)        0000
__size_of_motor           (abs)        0000
__size_of_picInit         (abs)        0000
__size_of_setPwmRC1       (abs)        0000
__size_of_setPwmRC2       (abs)        0000
__stringbase              strings      0805
__stringdata              strings      0806
__stringtab               strings      0800
_beep                     text17       0008
_lcdGoto                  text15       0DB5
_lcdInit                  text14       0EC9
_lcdNumber                text11       00C9
_lcdPutstr                text10       0D53
_lcdWrite                 text16       0CFA
_main                     maintext     01DB
_memcmp                   text9        0E2C
_motor                    text2        0049
_picInit                  text1        0D14
_setPwmRC1                text4        0F2A
_setPwmRC2                text3        0F95
beep@delayMs              cstackCOMMON 0070
beep@loop                 cstackCOMMON 0075
beep@times                cstackCOMMON 0074
btemp                     (abs)        007E
end_of_initialization     cinit        07FC
intlevel0                 functab      0000
intlevel1                 functab      0000
intlevel2                 functab      0000
intlevel3                 functab      0000
intlevel4                 functab      0000
intlevel5                 functab      0000
lcdGoto@col               cstackCOMMON 0073
lcdGoto@row               cstackCOMMON 0075
lcdNumber@base            cstackCOMMON 007A
lcdNumber@di              cstackBANK0  0023
lcdNumber@digit           cstackCOMMON 007B
lcdNumber@i               cstackBANK0  002D
lcdNumber@j               cstackBANK0  002E
lcdNumber@no              cstackCOMMON 0078
lcdPutstr@s               cstackCOMMON 0074
lcdWrite@data             cstackCOMMON 0070
lcdWrite@rs               cstackCOMMON 0072
ltemp                     (abs)        007E
ltemp0                    (abs)        007E
ltemp1                    (abs)        0082
ltemp2                    (abs)        0086
ltemp3                    (abs)        0080
main@buzzerCount          cstackBANK0  004F
main@dir                  cstackBANK0  0053
main@i                    cstackBANK0  0048
main@path                 cstackBANK0  0034
main@pathLength           cstackBANK0  0054
main@pathTotal            cstackBANK0  004A
main@simplified           cstackBANK0  004B
main@string               cstackBANK0  004C
memcmp@n                  cstackCOMMON 0071
memcmp@s1                 cstackCOMMON 0075
memcmp@s2                 cstackCOMMON 0070
motor@maxSpeed            cstackBANK0  002D
motor@speed               cstackBANK0  002F
motor@speedLM             cstackBANK0  002E
motor@speedRM             cstackBANK0  002A
reset_vec                 reset_vec    0000
setPwmRC1@a               cstackCOMMON 007C
setPwmRC1@duty            cstackBANK0  0028
setPwmRC1@freq            cstackBANK0  0026
setPwmRC2@a               cstackCOMMON 007C
setPwmRC2@duty            cstackBANK0  0028
setPwmRC2@freq            cstackBANK0  0026
stackhi                   (abs)        0000
stacklo                   (abs)        0000
start                     init         0000
start_initialization      cinit        07FC
ttemp                     (abs)        007E
ttemp0                    (abs)        007E
ttemp1                    (abs)        0081
ttemp2                    (abs)        0084
ttemp3                    (abs)        0087
ttemp4                    (abs)        007F
wtemp                     (abs)        007E
wtemp0                    (abs)        007E
wtemp1                    (abs)        0080
wtemp2                    (abs)        0082
wtemp3                    (abs)        0084
wtemp4                    (abs)        0086
wtemp5                    (abs)        0088
wtemp6                    (abs)        007F


FUNCTION INFORMATION:

 *************** function _main *****************
 Defined at:
		line 38 in file "main.c"
 Parameters:    Size  Location     Type
		None
 Auto vars:     Size  Location     Type
  path           20   20[BANK0 ] unsigned char [20]
  buzzerCount     4   47[BANK0 ] unsigned long 
  string          3   44[BANK0 ] unsigned char [3]
  i               2   40[BANK0 ] unsigned int 
  pathLength      1   52[BANK0 ] unsigned char 
  dir             1   51[BANK0 ] unsigned char 
  simplified      1   43[BANK0 ] unsigned char 
  pathTotal       1   42[BANK0 ] unsigned char 
 Return value:  Size  Location     Type
		None               void
 Registers used:
		wreg, fsr0l, fsr0h, status,2, status,0, pclath, cstack
 Tracked objects:
		On entry : 
		On exit  : 
		Unchanged: 
 Data sizes:     COMMON   BANK0   BANK1   BANK3   BANK2
      Params:         0       0       0       0       0
      Locals:         0      33       0       0       0
      Temps:          0       4       0       0       0
      Totals:         0      37       0       0       0
Total ram usage:       37 bytes
 Hardware stack levels required when called:    3
 This function calls:
		_beep
		_lcdGoto
		_lcdInit
		_lcdNumber
		_lcdPutstr
		_lcdWrite
		_memcmp
		_motor
		_picInit
 This function is called by:
		Startup code after reset
 This function uses a non-reentrant model


 *************** function _picInit *****************
 Defined at:
		line 341 in file "main.c"
 Parameters:    Size  Location     Type
		None
 Auto vars:     Size  Location     Type
		None
 Return value:  Size  Location     Type
		None               void
 Registers used:
		wreg, status,2
 Tracked objects:
		On entry : 
		On exit  : 
		Unchanged: 
 Data sizes:     COMMON   BANK0   BANK1   BANK3   BANK2
      Params:         0       0       0       0       0
      Locals:         0       0       0       0       0
      Temps:          0       0       0       0       0
      Totals:         0       0       0       0       0
Total ram usage:        0 bytes
 Hardware stack levels used:    1
 This function calls:
		Nothing
 This function is called by:
		_main
 This function uses a non-reentrant model


 *************** function _motor *****************
 Defined at:
		line 375 in file "main.c"
 Parameters:    Size  Location     Type
  speedLM         1    wreg     char 
  speedRM         1   10[BANK0 ] char 
 Auto vars:     Size  Location     Type
  speedLM         1   14[BANK0 ] char 
  speed           1   15[BANK0 ] unsigned char 
  maxSpeed        1   13[BANK0 ] unsigned char 
 Return value:  Size  Location     Type
		None               void
 Registers used:
		wreg, status,2, status,0, pclath, cstack
 Tracked objects:
		On entry : 
		On exit  : 
		Unchanged: 
 Data sizes:     COMMON   BANK0   BANK1   BANK3   BANK2
      Params:         0       1       0       0       0
      Locals:         0       3       0       0       0
      Temps:          0       2       0       0       0
      Totals:         0       6       0       0       0
Total ram usage:        6 bytes
 Hardware stack levels used:    1
 Hardware stack levels required when called:    2
 This function calls:
		___bmul
		_setPwmRC1
		_setPwmRC2
 This function is called by:
		_main
 This function uses a non-reentrant model


 *************** function _setPwmRC2 *****************
 Defined at:
		line 23 in file "pwm.h"
 Parameters:    Size  Location     Type
  freq            2    6[BANK0 ] int 
  duty            2    8[BANK0 ] int 
 Auto vars:     Size  Location     Type
  a               2   12[COMMON] int 
 Return value:  Size  Location     Type
		None               void
 Registers used:
		wreg, status,2, status,0, pclath, cstack
 Tracked objects:
		On entry : 
		On exit  : 
		Unchanged: 
 Data sizes:     COMMON   BANK0   BANK1   BANK3   BANK2
      Params:         0       4       0       0       0
      Locals:         2       0       0       0       0
      Temps:          1       0       0       0       0
      Totals:         3       4       0       0       0
Total ram usage:        7 bytes
 Hardware stack levels used:    1
 Hardware stack levels required when called:    1
 This function calls:
		___aldiv
		___awdiv
		___wmul
 This function is called by:
		_motor
 This function uses a non-reentrant model


 *************** function _setPwmRC1 *****************
 Defined at:
		line 12 in file "pwm.h"
 Parameters:    Size  Location     Type
  freq            2    6[BANK0 ] int 
  duty            2    8[BANK0 ] int 
 Auto vars:     Size  Location     Type
  a               2   12[COMMON] int 
 Return value:  Size  Location     Type
		None               void
 Registers used:
		wreg, status,2, status,0, pclath, cstack
 Tracked objects:
		On entry : 
		On exit  : 
		Unchanged: 
 Data sizes:     COMMON   BANK0   BANK1   BANK3   BANK2
      Params:         0       4       0       0       0
      Locals:         2       0       0       0       0
      Temps:          1       0       0       0       0
      Totals:         3       4       0       0       0
Total ram usage:        7 bytes
 Hardware stack levels used:    1
 Hardware stack levels required when called:    1
 This function calls:
		___aldiv
		___awdiv
		___wmul
 This function is called by:
		_motor
 This function uses a non-reentrant model


 *************** function ___wmul *****************
 Defined at:
		line 3 in file "D:\Program Files\Microchip\xc8\v1.31\sources\common\wmul.c"
 Parameters:    Size  Location     Type
  multiplier      2    0[COMMON] unsigned int 
  multiplicand    2    2[COMMON] unsigned int 
 Auto vars:     Size  Location     Type
  product         2    4[COMMON] unsigned int 
 Return value:  Size  Location     Type
                  2    0[COMMON] unsigned int 
 Registers used:
		wreg, status,2, status,0
 Tracked objects:
		On entry : 
		On exit  : 
		Unchanged: 
 Data sizes:     COMMON   BANK0   BANK1   BANK3   BANK2
      Params:         4       0       0       0       0
      Locals:         2       0       0       0       0
      Temps:          0       0       0       0       0
      Totals:         6       0       0       0       0
Total ram usage:        6 bytes
 Hardware stack levels used:    1
 This function calls:
		Nothing
 This function is called by:
		_setPwmRC1
		_setPwmRC2
 This function uses a non-reentrant model


 *************** function ___awdiv *****************
 Defined at:
		line 6 in file "D:\Program Files\Microchip\xc8\v1.31\sources\common\awdiv.c"
 Parameters:    Size  Location     Type
  divisor         2    6[COMMON] int 
  dividend        2    8[COMMON] int 
 Auto vars:     Size  Location     Type
  quotient        2    2[BANK0 ] int 
  sign            1    1[BANK0 ] unsigned char 
  counter         1    0[BANK0 ] unsigned char 
 Return value:  Size  Location     Type
                  2    6[COMMON] int 
 Registers used:
		wreg, status,2, status,0
 Tracked objects:
		On entry : 
		On exit  : 
		Unchanged: 
 Data sizes:     COMMON   BANK0   BANK1   BANK3   BANK2
      Params:         4       0       0       0       0
      Locals:         0       4       0       0       0
      Temps:          1       0       0       0       0
      Totals:         5       4       0       0       0
Total ram usage:        9 bytes
 Hardware stack levels used:    1
 This function calls:
		Nothing
 This function is called by:
		_setPwmRC1
		_setPwmRC2
 This function uses a non-reentrant model


 *************** function ___aldiv *****************
 Defined at:
		line 6 in file "D:\Program Files\Microchip\xc8\v1.31\sources\common\aldiv.c"
 Parameters:    Size  Location     Type
  divisor         4    0[COMMON] long 
  dividend        4    4[COMMON] long 
 Auto vars:     Size  Location     Type
  quotient        4    2[BANK0 ] long 
  sign            1    1[BANK0 ] unsigned char 
  counter         1    0[BANK0 ] unsigned char 
 Return value:  Size  Location     Type
                  4    0[COMMON] long 
 Registers used:
		wreg, status,2, status,0
 Tracked objects:
		On entry : 
		On exit  : 
		Unchanged: 
 Data sizes:     COMMON   BANK0   BANK1   BANK3   BANK2
      Params:         8       0       0       0       0
      Locals:         0       6       0       0       0
      Temps:          1       0       0       0       0
      Totals:         9       6       0       0       0
Total ram usage:       15 bytes
 Hardware stack levels used:    1
 This function calls:
		Nothing
 This function is called by:
		_setPwmRC1
		_setPwmRC2
 This function uses a non-reentrant model


 *************** function ___bmul *****************
 Defined at:
		line 4 in file "D:\Program Files\Microchip\xc8\v1.31\sources\common\bmul.c"
 Parameters:    Size  Location     Type
  multiplier      1    wreg     unsigned char 
  multiplicand    1    0[COMMON] unsigned char 
 Auto vars:     Size  Location     Type
  multiplier      1    3[COMMON] unsigned char 
  product         1    2[COMMON] unsigned char 
 Return value:  Size  Location     Type
                  1    wreg      unsigned char 
 Registers used:
		wreg, status,2, status,0
 Tracked objects:
		On entry : 
		On exit  : 
		Unchanged: 
 Data sizes:     COMMON   BANK0   BANK1   BANK3   BANK2
      Params:         1       0       0       0       0
      Locals:         2       0       0       0       0
      Temps:          1       0       0       0       0
      Totals:         4       0       0       0       0
Total ram usage:        4 bytes
 Hardware stack levels used:    1
 This function calls:
		Nothing
 This function is called by:
		_motor
 This function uses a non-reentrant model


 *************** function _memcmp *****************
 Defined at:
		line 3 in file "D:\Program Files\Microchip\xc8\v1.31\sources\common\memcmp.c"
 Parameters:    Size  Location     Type
  s1              1    wreg     PTR const void 
		 -> STR_13(4), STR_12(4), STR_11(4), STR_10(4), 
		 -> STR_9(4), STR_8(4), 
  s2              1    0[COMMON] PTR const void 
		 -> main@string(3), 
  n               2    1[COMMON] unsigned int 
 Auto vars:     Size  Location     Type
  s1              1    5[COMMON] PTR const void 
		 -> STR_13(4), STR_12(4), STR_11(4), STR_10(4), 
		 -> STR_9(4), STR_8(4), 
 Return value:  Size  Location     Type
                  2    0[COMMON] int 
 Registers used:
		wreg, fsr0l, fsr0h, status,2, status,0, pclath
 Tracked objects:
		On entry : 
		On exit  : 
		Unchanged: 
 Data sizes:     COMMON   BANK0   BANK1   BANK3   BANK2
      Params:         3       0       0       0       0
      Locals:         1       0       0       0       0
      Temps:          2       0       0       0       0
      Totals:         6       0       0       0       0
Total ram usage:        6 bytes
 Hardware stack levels used:    2
 This function calls:
		Nothing
 This function is called by:
		_main
 This function uses a non-reentrant model


 *************** function _lcdPutstr *****************
 Defined at:
		line 71 in file "lcd.h"
 Parameters:    Size  Location     Type
  s               1    wreg     PTR const unsigned char 
		 -> STR_7(9), STR_6(9), STR_5(9), STR_4(9), 
		 -> STR_3(9), STR_2(9), STR_1(9), 
 Auto vars:     Size  Location     Type
  s               1    4[COMMON] PTR const unsigned char 
		 -> STR_7(9), STR_6(9), STR_5(9), STR_4(9), 
		 -> STR_3(9), STR_2(9), STR_1(9), 
 Return value:  Size  Location     Type
		None               void
 Registers used:
		wreg, fsr0l, fsr0h, status,2, status,0, pclath, cstack
 Tracked objects:
		On entry : 
		On exit  : 
		Unchanged: 
 Data sizes:     COMMON   BANK0   BANK1   BANK3   BANK2
      Params:         0       0       0       0       0
      Locals:         1       0       0       0       0
      Temps:          1       0       0       0       0
      Totals:         2       0       0       0       0
Total ram usage:        2 bytes
 Hardware stack levels used:    1
 Hardware stack levels required when called:    1
 This function calls:
		_lcdWrite
 This function is called by:
		_main
 This function uses a non-reentrant model


 *************** function _lcdNumber *****************
 Defined at:
		line 76 in file "lcd.h"
 Parameters:    Size  Location     Type
  no              2    8[COMMON] unsigned int 
  base            1   10[COMMON] unsigned char 
  digit           1   11[COMMON] unsigned char 
 Auto vars:     Size  Location     Type
  di             10    3[BANK0 ] unsigned char [10]
  j               1   14[BANK0 ] unsigned char 
  i               1   13[BANK0 ] unsigned char 
 Return value:  Size  Location     Type
		None               void
 Registers used:
		wreg, fsr0l, fsr0h, status,2, status,0, pclath, cstack
 Tracked objects:
		On entry : 
		On exit  : 
		Unchanged: 
 Data sizes:     COMMON   BANK0   BANK1   BANK3   BANK2
      Params:         4       0       0       0       0
      Locals:         0      12       0       0       0
      Temps:          0       3       0       0       0
      Totals:         4      15       0       0       0
Total ram usage:       19 bytes
 Hardware stack levels used:    1
 Hardware stack levels required when called:    1
 This function calls:
		___lwdiv
		___lwmod
		_lcdWrite
 This function is called by:
		_main
 This function uses a non-reentrant model


 *************** function ___lwmod *****************
 Defined at:
		line 6 in file "D:\Program Files\Microchip\xc8\v1.31\sources\common\lwmod.c"
 Parameters:    Size  Location     Type
  divisor         2    0[COMMON] unsigned int 
  dividend        2    2[COMMON] unsigned int 
 Auto vars:     Size  Location     Type
  counter         1    5[COMMON] unsigned char 
 Return value:  Size  Location     Type
                  2    0[COMMON] unsigned int 
 Registers used:
		wreg, status,2, status,0
 Tracked objects:
		On entry : 
		On exit  : 
		Unchanged: 
 Data sizes:     COMMON   BANK0   BANK1   BANK3   BANK2
      Params:         4       0       0       0       0
      Locals:         1       0       0       0       0
      Temps:          1       0       0       0       0
      Totals:         6       0       0       0       0
Total ram usage:        6 bytes
 Hardware stack levels used:    1
 This function calls:
		Nothing
 This function is called by:
		_lcdNumber
		_uartNumber
 This function uses a non-reentrant model


 *************** function ___lwdiv *****************
 Defined at:
		line 6 in file "D:\Program Files\Microchip\xc8\v1.31\sources\common\lwdiv.c"
 Parameters:    Size  Location     Type
  divisor         2    0[COMMON] unsigned int 
  dividend        2    2[COMMON] unsigned int 
 Auto vars:     Size  Location     Type
  quotient        2    5[COMMON] unsigned int 
  counter         1    7[COMMON] unsigned char 
 Return value:  Size  Location     Type
                  2    0[COMMON] unsigned int 
 Registers used:
		wreg, status,2, status,0
 Tracked objects:
		On entry : 
		On exit  : 
		Unchanged: 
 Data sizes:     COMMON   BANK0   BANK1   BANK3   BANK2
      Params:         4       0       0       0       0
      Locals:         3       0       0       0       0
      Temps:          1       0       0       0       0
      Totals:         8       0       0       0       0
Total ram usage:        8 bytes
 Hardware stack levels used:    1
 This function calls:
		Nothing
 This function is called by:
		_lcdNumber
		_uartNumber
 This function uses a non-reentrant model


 *************** function _lcdInit *****************
 Defined at:
		line 34 in file "lcd.h"
 Parameters:    Size  Location     Type
		None
 Auto vars:     Size  Location     Type
		None
 Return value:  Size  Location     Type
		None               void
 Registers used:
		wreg, status,2, status,0, pclath, cstack
 Tracked objects:
		On entry : 
		On exit  : 
		Unchanged: 
 Data sizes:     COMMON   BANK0   BANK1   BANK3   BANK2
      Params:         0       0       0       0       0
      Locals:         0       0       0       0       0
      Temps:          2       0       0       0       0
      Totals:         2       0       0       0       0
Total ram usage:        2 bytes
 Hardware stack levels used:    1
 Hardware stack levels required when called:    1
 This function calls:
		_lcdWrite
 This function is called by:
		_main
 This function uses a non-reentrant model


 *************** function _lcdGoto *****************
 Defined at:
		line 56 in file "lcd.h"
 Parameters:    Size  Location     Type
  row             1    wreg     unsigned char 
  col             1    3[COMMON] unsigned char 
 Auto vars:     Size  Location     Type
  row             1    5[COMMON] unsigned char 
 Return value:  Size  Location     Type
		None               void
 Registers used:
		wreg, fsr0l, fsr0h, status,2, status,0, pclath, cstack
 Tracked objects:
		On entry : 
		On exit  : 
		Unchanged: 
 Data sizes:     COMMON   BANK0   BANK1   BANK3   BANK2
      Params:         1       0       0       0       0
      Locals:         1       0       0       0       0
      Temps:          1       0       0       0       0
      Totals:         3       0       0       0       0
Total ram usage:        3 bytes
 Hardware stack levels used:    1
 Hardware stack levels required when called:    1
 This function calls:
		_lcdWrite
 This function is called by:
		_main
 This function uses a non-reentrant model


 *************** function _lcdWrite *****************
 Defined at:
		line 48 in file "lcd.h"
 Parameters:    Size  Location     Type
  rs              1    wreg     unsigned char 
  data            1    0[COMMON] unsigned char 
 Auto vars:     Size  Location     Type
  rs              1    2[COMMON] unsigned char 
 Return value:  Size  Location     Type
		None               void
 Registers used:
		wreg
 Tracked objects:
		On entry : 
		On exit  : 
		Unchanged: 
 Data sizes:     COMMON   BANK0   BANK1   BANK3   BANK2
      Params:         1       0       0       0       0
      Locals:         1       0       0       0       0
      Temps:          1       0       0       0       0
      Totals:         3       0       0       0       0
Total ram usage:        3 bytes
 Hardware stack levels used:    1
 This function calls:
		Nothing
 This function is called by:
		_lcdInit
		_lcdGoto
		_lcdPutstr
		_lcdNumber
		_main
 This function uses a non-reentrant model


 *************** function _beep *****************
 Defined at:
		line 363 in file "main.c"
 Parameters:    Size  Location     Type
  times           1    wreg     unsigned char 
  delayMs         2    0[COMMON] unsigned int 
 Auto vars:     Size  Location     Type
  times           1    4[COMMON] unsigned char 
  loop            2    5[COMMON] unsigned int 
 Return value:  Size  Location     Type
		None               void
 Registers used:
		wreg, status,2, status,0
 Tracked objects:
		On entry : 
		On exit  : 
		Unchanged: 
 Data sizes:     COMMON   BANK0   BANK1   BANK3   BANK2
      Params:         2       0       0       0       0
      Locals:         3       0       0       0       0
      Temps:          2       0       0       0       0
      Totals:         7       0       0       0       0
Total ram usage:        7 bytes
 Hardware stack levels used:    1
 This function calls:
		Nothing
 This function is called by:
		_main
 This function uses a non-reentrant model



MODULE INFORMATION

Module		Function		Class		Link	Load	Size
D:\Program Files\Microchip\xc8\v1.31\sources\common\lwmod.c
		___lwmod       		CODE           	0D81	0000	52

D:\Program Files\Microchip\xc8\v1.31\sources\common\lwmod.c estimated size: 52

D:\Program Files\Microchip\xc8\v1.31\sources\common\awdiv.c
		___awdiv       		CODE           	0E6C	0000	93

D:\Program Files\Microchip\xc8\v1.31\sources\common\awdiv.c estimated size: 93

lcd.h
		_lcdGoto       		CODE           	0DB5	0000	57
		_lcdNumber     		CODE           	00C9	0000	131
		_lcdWrite      		CODE           	0CFA	0000	26
		_lcdPutstr     		CODE           	0D53	0000	46
		_lcdInit       		CODE           	0EC9	0000	97

lcd.h estimated size: 357

D:\Program Files\Microchip\xc8\v1.31\sources\common\lwdiv.c
		___lwdiv       		CODE           	0DEE	0000	62

D:\Program Files\Microchip\xc8\v1.31\sources\common\lwdiv.c estimated size: 62

pwm.h
		_setPwmRC1     		CODE           	0F2A	0000	107
		_setPwmRC2     		CODE           	0F95	0000	107

pwm.h estimated size: 214

D:\Program Files\Microchip\xc8\v1.31\sources\common\wmul.c
		___wmul        		CODE           	0D30	0000	35

D:\Program Files\Microchip\xc8\v1.31\sources\common\wmul.c estimated size: 35

shared
		__stringtab    		STRING         	0800	0000	6
		__stringdata   		STRING         	0806	0000	87
		__initializatio		CODE           	07FC	0000	0

shared estimated size: 93

D:\Program Files\Microchip\xc8\v1.31\sources\common\aldiv.c
		___aldiv       		CODE           	014C	0000	143

D:\Program Files\Microchip\xc8\v1.31\sources\common\aldiv.c estimated size: 143

main.c
		_beep          		CODE           	0008	0000	65
		_main          		CODE           	01DB	0000	1569
		_motor         		CODE           	0049	0000	128
		_picInit       		CODE           	0D14	0000	28

main.c estimated size: 1790

D:\Program Files\Microchip\xc8\v1.31\sources\common\bmul.c
		___bmul        		CODE           	0CE9	0000	17

D:\Program Files\Microchip\xc8\v1.31\sources\common\bmul.c estimated size: 17

D:\Program Files\Microchip\xc8\v1.31\sources\common\memcmp.c
		_memcmp        		CODE           	0E2C	0000	64

D:\Program Files\Microchip\xc8\v1.31\sources\common\memcmp.c estimated size: 64

